[INFO] Scanning for projects...
[INFO] 
[INFO] ---------------------< com.delivery:foodDelivery >----------------------
[INFO] Building  0.0.1-SNAPSHOT
[INFO]   from pom.xml
[INFO] --------------------------------[ jar ]---------------------------------
[INFO] 
[INFO] --- clean:3.3.2:clean (default-clean) @ foodDelivery ---
[INFO] Deleting D:\food_delivery\foodDelivery\foodDelivery\target
[INFO] 
[INFO] --- resources:3.3.1:resources (default-resources) @ foodDelivery ---
[INFO] Copying 1 resource from src\main\resources to target\classes
[INFO] Copying 0 resource from src\main\resources to target\classes
[INFO] 
[INFO] --- compiler:3.11.0:compile (default-compile) @ foodDelivery ---
[INFO] Changes detected - recompiling the module! :source
[INFO] Compiling 89 source files with javac [debug release 17] to target\classes
[INFO] /D:/food_delivery/foodDelivery/foodDelivery/src/main/java/com/delivery/foodDelivery/service/AiService.java: D:\food_delivery\foodDelivery\foodDelivery\src\main\java\com\delivery\foodDelivery\service\AiService.java uses unchecked or unsafe operations.
[INFO] /D:/food_delivery/foodDelivery/foodDelivery/src/main/java/com/delivery/foodDelivery/service/AiService.java: Recompile with -Xlint:unchecked for details.
[INFO] Some messages have been simplified; recompile with -Xdiags:verbose to get full output
[INFO] -------------------------------------------------------------
[ERROR] COMPILATION ERROR : 
[INFO] -------------------------------------------------------------
[ERROR] /D:/food_delivery/foodDelivery/foodDelivery/src/main/java/com/delivery/foodDelivery/service/OrderService.java:[42,63] incompatible types: java.lang.String cannot be converted to java.lang.Long
[ERROR] /D:/food_delivery/foodDelivery/foodDelivery/src/main/java/com/delivery/foodDelivery/service/OrderService.java:[114,45] incompatible types: java.lang.String cannot be converted to java.lang.Long
[ERROR] /D:/food_delivery/foodDelivery/foodDelivery/src/main/java/com/delivery/foodDelivery/service/OrderService.java:[231,56] incompatible types: java.lang.String cannot be converted to java.lang.Long
[ERROR] /D:/food_delivery/foodDelivery/foodDelivery/src/main/java/com/delivery/foodDelivery/service/OrderService.java:[239,25] incompatible types: inference variable T has incompatible bounds
    equality constraints: com.delivery.foodDelivery.dto.response.OrderItemResponse
    lower bounds: java.lang.Object
[ERROR] /D:/food_delivery/foodDelivery/foodDelivery/src/main/java/com/delivery/foodDelivery/service/OrderService.java:[267,48] incompatible types: java.lang.String cannot be converted to java.lang.Long
[ERROR] /D:/food_delivery/foodDelivery/foodDelivery/src/main/java/com/delivery/foodDelivery/service/CartService.java:[37,75] incompatible types: java.lang.Long cannot be converted to java.lang.String
[ERROR] /D:/food_delivery/foodDelivery/foodDelivery/src/main/java/com/delivery/foodDelivery/service/CartService.java:[111,52] incompatible types: java.lang.String cannot be converted to java.lang.Long
[ERROR] /D:/food_delivery/foodDelivery/foodDelivery/src/main/java/com/delivery/foodDelivery/service/CartService.java:[118,25] incompatible types: inference variable T has incompatible bounds
    equality constraints: com.delivery.foodDelivery.dto.response.CartItemResponse
    lower bounds: java.lang.Object
[ERROR] /D:/food_delivery/foodDelivery/foodDelivery/src/main/java/com/delivery/foodDelivery/service/CartService.java:[131,31] incompatible types: java.lang.String cannot be converted to java.lang.Long
[ERROR] /D:/food_delivery/foodDelivery/foodDelivery/src/main/java/com/delivery/foodDelivery/service/MenuItemService.java:[31,46] incompatible types: com.delivery.foodDelivery.enums.FoodCategory cannot be converted to java.lang.String
[ERROR] /D:/food_delivery/foodDelivery/foodDelivery/src/main/java/com/delivery/foodDelivery/service/MenuItemService.java:[47,45] incompatible types: com.delivery.foodDelivery.enums.FoodCategory cannot be converted to java.lang.String
[ERROR] /D:/food_delivery/foodDelivery/foodDelivery/src/main/java/com/delivery/foodDelivery/service/DeliveryService.java:[108,25] cannot find symbol
  symbol:   method setRejectionReason(java.lang.String)
  location: variable delivery of type com.delivery.foodDelivery.entity.Delivery
[ERROR] /D:/food_delivery/foodDelivery/foodDelivery/src/main/java/com/delivery/foodDelivery/service/DeliveryService.java:[217,17] cannot find symbol
  symbol:   method findByDeliveryPartnerIdAndStatus(java.lang.Long,com.delivery.foodDelivery.enums.DeliveryStatus)
  location: variable deliveryRepository of type com.delivery.foodDelivery.repository.DeliveryRepository
[ERROR] /D:/food_delivery/foodDelivery/foodDelivery/src/main/java/com/delivery/foodDelivery/controller/OrderController.java:[86,66] cannot find symbol
  symbol:   method getAllOrders()
  location: variable orderService of type com.delivery.foodDelivery.service.OrderService
[ERROR] /D:/food_delivery/foodDelivery/foodDelivery/src/main/java/com/delivery/foodDelivery/controller/OrderController.java:[94,52] incompatible types: java.lang.Long cannot be converted to java.lang.String
[ERROR] /D:/food_delivery/foodDelivery/foodDelivery/src/main/java/com/delivery/foodDelivery/config/DataInitializer.java:[53,21] cannot find symbol
  symbol:   method active(boolean)
  location: class com.delivery.foodDelivery.entity.Restaurant.RestaurantBuilder
[ERROR] /D:/food_delivery/foodDelivery/foodDelivery/src/main/java/com/delivery/foodDelivery/config/DataInitializer.java:[66,21] cannot find symbol
  symbol:   method active(boolean)
  location: class com.delivery.foodDelivery.entity.Restaurant.RestaurantBuilder
[ERROR] /D:/food_delivery/foodDelivery/foodDelivery/src/main/java/com/delivery/foodDelivery/config/DataInitializer.java:[79,21] cannot find symbol
  symbol:   method active(boolean)
  location: class com.delivery.foodDelivery.entity.Restaurant.RestaurantBuilder
[ERROR] /D:/food_delivery/foodDelivery/foodDelivery/src/main/java/com/delivery/foodDelivery/controller/CartController.java:[59,56] incompatible types: java.lang.Long cannot be converted to java.lang.String
[ERROR] /D:/food_delivery/foodDelivery/foodDelivery/src/main/java/com/delivery/foodDelivery/controller/CartController.java:[68,48] incompatible types: java.lang.Long cannot be converted to java.lang.String
[INFO] 20 errors 
[INFO] -------------------------------------------------------------
[INFO] ------------------------------------------------------------------------
[INFO] BUILD FAILURE
[INFO] ------------------------------------------------------------------------
[INFO] Total time:  9.075 s
[INFO] Finished at: 2026-04-19T18:05:30+05:30
[INFO] ------------------------------------------------------------------------
[ERROR] Failed to execute goal org.apache.maven.plugins:maven-compiler-plugin:3.11.0:compile (default-compile) on project foodDelivery: Compilation failure: Compilation failure: 
[ERROR] /D:/food_delivery/foodDelivery/foodDelivery/src/main/java/com/delivery/foodDelivery/service/OrderService.java:[42,63] incompatible types: java.lang.String cannot be converted to java.lang.Long
[ERROR] /D:/food_delivery/foodDelivery/foodDelivery/src/main/java/com/delivery/foodDelivery/service/OrderService.java:[114,45] incompatible types: java.lang.String cannot be converted to java.lang.Long
[ERROR] /D:/food_delivery/foodDelivery/foodDelivery/src/main/java/com/delivery/foodDelivery/service/OrderService.java:[231,56] incompatible types: java.lang.String cannot be converted to java.lang.Long
[ERROR] /D:/food_delivery/foodDelivery/foodDelivery/src/main/java/com/delivery/foodDelivery/service/OrderService.java:[239,25] incompatible types: inference variable T has incompatible bounds
[ERROR]     equality constraints: com.delivery.foodDelivery.dto.response.OrderItemResponse
[ERROR]     lower bounds: java.lang.Object
[ERROR] /D:/food_delivery/foodDelivery/foodDelivery/src/main/java/com/delivery/foodDelivery/service/OrderService.java:[267,48] incompatible types: java.lang.String cannot be converted to java.lang.Long
[ERROR] /D:/food_delivery/foodDelivery/foodDelivery/src/main/java/com/delivery/foodDelivery/service/CartService.java:[37,75] incompatible types: java.lang.Long cannot be converted to java.lang.String
[ERROR] /D:/food_delivery/foodDelivery/foodDelivery/src/main/java/com/delivery/foodDelivery/service/CartService.java:[111,52] incompatible types: java.lang.String cannot be converted to java.lang.Long
[ERROR] /D:/food_delivery/foodDelivery/foodDelivery/src/main/java/com/delivery/foodDelivery/service/CartService.java:[118,25] incompatible types: inference variable T has incompatible bounds
[ERROR]     equality constraints: com.delivery.foodDelivery.dto.response.CartItemResponse
[ERROR]     lower bounds: java.lang.Object
[ERROR] /D:/food_delivery/foodDelivery/foodDelivery/src/main/java/com/delivery/foodDelivery/service/CartService.java:[131,31] incompatible types: java.lang.String cannot be converted to java.lang.Long
[ERROR] /D:/food_delivery/foodDelivery/foodDelivery/src/main/java/com/delivery/foodDelivery/service/MenuItemService.java:[31,46] incompatible types: com.delivery.foodDelivery.enums.FoodCategory cannot be converted to java.lang.String
[ERROR] /D:/food_delivery/foodDelivery/foodDelivery/src/main/java/com/delivery/foodDelivery/service/MenuItemService.java:[47,45] incompatible types: com.delivery.foodDelivery.enums.FoodCategory cannot be converted to java.lang.String
[ERROR] /D:/food_delivery/foodDelivery/foodDelivery/src/main/java/com/delivery/foodDelivery/service/DeliveryService.java:[108,25] cannot find symbol
[ERROR]   symbol:   method setRejectionReason(java.lang.String)
[ERROR]   location: variable delivery of type com.delivery.foodDelivery.entity.Delivery
[ERROR] /D:/food_delivery/foodDelivery/foodDelivery/src/main/java/com/delivery/foodDelivery/service/DeliveryService.java:[217,17] cannot find symbol
[ERROR]   symbol:   method findByDeliveryPartnerIdAndStatus(java.lang.Long,com.delivery.foodDelivery.enums.DeliveryStatus)
[ERROR]   location: variable deliveryRepository of type com.delivery.foodDelivery.repository.DeliveryRepository
[ERROR] /D:/food_delivery/foodDelivery/foodDelivery/src/main/java/com/delivery/foodDelivery/controller/OrderController.java:[86,66] cannot find symbol
[ERROR]   symbol:   method getAllOrders()
[ERROR]   location: variable orderService of type com.delivery.foodDelivery.service.OrderService
[ERROR] /D:/food_delivery/foodDelivery/foodDelivery/src/main/java/com/delivery/foodDelivery/controller/OrderController.java:[94,52] incompatible types: java.lang.Long cannot be converted to java.lang.String
[ERROR] /D:/food_delivery/foodDelivery/foodDelivery/src/main/java/com/delivery/foodDelivery/config/DataInitializer.java:[53,21] cannot find symbol
[ERROR]   symbol:   method active(boolean)
[ERROR]   location: class com.delivery.foodDelivery.entity.Restaurant.RestaurantBuilder
[ERROR] /D:/food_delivery/foodDelivery/foodDelivery/src/main/java/com/delivery/foodDelivery/config/DataInitializer.java:[66,21] cannot find symbol
[ERROR]   symbol:   method active(boolean)
[ERROR]   location: class com.delivery.foodDelivery.entity.Restaurant.RestaurantBuilder
[ERROR] /D:/food_delivery/foodDelivery/foodDelivery/src/main/java/com/delivery/foodDelivery/config/DataInitializer.java:[79,21] cannot find symbol
[ERROR]   symbol:   method active(boolean)
[ERROR]   location: class com.delivery.foodDelivery.entity.Restaurant.RestaurantBuilder
[ERROR] /D:/food_delivery/foodDelivery/foodDelivery/src/main/java/com/delivery/foodDelivery/controller/CartController.java:[59,56] incompatible types: java.lang.Long cannot be converted to java.lang.String
[ERROR] /D:/food_delivery/foodDelivery/foodDelivery/src/main/java/com/delivery/foodDelivery/controller/CartController.java:[68,48] incompatible types: java.lang.Long cannot be converted to java.lang.String
[ERROR] -> [Help 1]
[ERROR] 
[ERROR] To see the full stack trace of the errors, re-run Maven with the -e switch.
[ERROR] Re-run Maven using the -X switch to enable full debug logging.
[ERROR] 
[ERROR] For more information about the errors and possible solutions, please read the following articles:
[ERROR] [Help 1] http://cwiki.apache.org/confluence/display/MAVEN/MojoFailureException
